// Jest Snapshot v1, https://goo.gl/fbAQLP

exports[`Renders correctly 1`] = `
<div
  className="sm:w-1/1 flex max-w-xs flex-wrap overflow-hidden  rounded-lg md:w-1/2 lg:w-1/4"
>
  <div
    className="w-full max-w-xs overflow-hidden  p-1 md:p-2"
  >
    <img
      alt="sun, flower, yellow"
      className="block h-48 w-full rounded-lg bg-indigo-100 object-cover object-center transition duration-300 ease-in-out hover:scale-110"
      loading="lazy"
    />
  </div>
</div>
`;
